11:19:11 **** Build of project ExampleC_bsp ****
make -k all 
"Running Make include in ps7_cortexa9_0/libsrc/coresightps_dcc_v1_5/src"
make -C ps7_cortexa9_0/libsrc/coresightps_dcc_v1_5/src -s include  "SHELL=CMD" "COMPILER=arm-none-eabi-gcc" "ARCHIVER=arm-none-eabi-ar" "COMPILER_FLAGS=  -O2 -c" "EXTRA_COMPILER_FLAGS=-mcpu=cortex-a9 -mfpu=vfpv3 -mfloat-abi=hard -nostartfiles -g -Wall -Wextra"
"Running Make include in ps7_cortexa9_0/libsrc/cpu_cortexa9_v2_7/src"
make -C ps7_cortexa9_0/libsrc/cpu_cortexa9_v2_7/src -s include  "SHELL=CMD" "COMPILER=arm-none-eabi-gcc" "ARCHIVER=arm-none-eabi-ar" "COMPILER_FLAGS=  -O2 -c" "EXTRA_COMPILER_FLAGS=-mcpu=cortex-a9 -mfpu=vfpv3 -mfloat-abi=hard -nostartfiles -g -Wall -Wextra"
"Running Make include in ps7_cortexa9_0/libsrc/ddrps_v1_0/src"
make -C ps7_cortexa9_0/libsrc/ddrps_v1_0/src -s include  "SHELL=CMD" "COMPILER=arm-none-eabi-gcc" "ARCHIVER=arm-none-eabi-ar" "COMPILER_FLAGS=  -O2 -c" "EXTRA_COMPILER_FLAGS=-mcpu=cortex-a9 -mfpu=vfpv3 -mfloat-abi=hard -nostartfiles -g -Wall -Wextra"
"Running Make include in ps7_cortexa9_0/libsrc/devcfg_v3_5/src"
make -C ps7_cortexa9_0/libsrc/devcfg_v3_5/src -s include  "SHELL=CMD" "COMPILER=arm-none-eabi-gcc" "ARCHIVER=arm-none-eabi-ar" "COMPILER_FLAGS=  -O2 -c" "EXTRA_COMPILER_FLAGS=-mcpu=cortex-a9 -mfpu=vfpv3 -mfloat-abi=hard -nostartfiles -g -Wall -Wextra"
"Running Make include in ps7_cortexa9_0/libsrc/dmaps_v2_4/src"
make -C ps7_cortexa9_0/libsrc/dmaps_v2_4/src -s include  "SHELL=CMD" "COMPILER=arm-none-eabi-gcc" "ARCHIVER=arm-none-eabi-ar" "COMPILER_FLAGS=  -O2 -c" "EXTRA_COMPILER_FLAGS=-mcpu=cortex-a9 -mfpu=vfpv3 -mfloat-abi=hard -nostartfiles -g -Wall -Wextra"
"Running Make include in ps7_cortexa9_0/libsrc/gpiops_v3_5/src"
make -C ps7_cortexa9_0/libsrc/gpiops_v3_5/src -s include  "SHELL=CMD" "COMPILER=arm-none-eabi-gcc" "ARCHIVER=arm-none-eabi-ar" "COMPILER_FLAGS=  -O2 -c" "EXTRA_COMPILER_FLAGS=-mcpu=cortex-a9 -mfpu=vfpv3 -mfloat-abi=hard -nostartfiles -g -Wall -Wextra"
"Running Make include in ps7_cortexa9_0/libsrc/iicps_v3_9/src"
make -C ps7_cortexa9_0/libsrc/iicps_v3_9/src -s include  "SHELL=CMD" "COMPILER=arm-none-eabi-gcc" "ARCHIVER=arm-none-eabi-ar" "COMPILER_FLAGS=  -O2 -c" "EXTRA_COMPILER_FLAGS=-mcpu=cortex-a9 -mfpu=vfpv3 -mfloat-abi=hard -nostartfiles -g -Wall -Wextra"
"Running Make include in ps7_cortexa9_0/libsrc/matrix_v1_0/src"
make -C ps7_cortexa9_0/libsrc/matrix_v1_0/src -s include  "SHELL=CMD" "COMPILER=arm-none-eabi-gcc" "ARCHIVER=arm-none-eabi-ar" "COMPILER_FLAGS=  -O2 -c" "EXTRA_COMPILER_FLAGS=-mcpu=cortex-a9 -mfpu=vfpv3 -mfloat-abi=hard -nostartfiles -g -Wall -Wextra"
"Running Make include in ps7_cortexa9_0/libsrc/qspips_v3_6/src"
make -C ps7_cortexa9_0/libsrc/qspips_v3_6/src -s include  "SHELL=CMD" "COMPILER=arm-none-eabi-gcc" "ARCHIVER=arm-none-eabi-ar" "COMPILER_FLAGS=  -O2 -c" "EXTRA_COMPILER_FLAGS=-mcpu=cortex-a9 -mfpu=vfpv3 -mfloat-abi=hard -nostartfiles -g -Wall -Wextra"
"Running Make include in ps7_cortexa9_0/libsrc/scugic_v4_0/src"
make -C ps7_cortexa9_0/libsrc/scugic_v4_0/src -s include  "SHELL=CMD" "COMPILER=arm-none-eabi-gcc" "ARCHIVER=arm-none-eabi-ar" "COMPILER_FLAGS=  -O2 -c" "EXTRA_COMPILER_FLAGS=-mcpu=cortex-a9 -mfpu=vfpv3 -mfloat-abi=hard -nostartfiles -g -Wall -Wextra"
"Running Make include in ps7_cortexa9_0/libsrc/scutimer_v2_1/src"
make -C ps7_cortexa9_0/libsrc/scutimer_v2_1/src -s include  "SHELL=CMD" "COMPILER=arm-none-eabi-gcc" "ARCHIVER=arm-none-eabi-ar" "COMPILER_FLAGS=  -O2 -c" "EXTRA_COMPILER_FLAGS=-mcpu=cortex-a9 -mfpu=vfpv3 -mfloat-abi=hard -nostartfiles -g -Wall -Wextra"
"Running Make include in ps7_cortexa9_0/libsrc/scuwdt_v2_1/src"
make -C ps7_cortexa9_0/libsrc/scuwdt_v2_1/src -s include  "SHELL=CMD" "COMPILER=arm-none-eabi-gcc" "ARCHIVER=arm-none-eabi-ar" "COMPILER_FLAGS=  -O2 -c" "EXTRA_COMPILER_FLAGS=-mcpu=cortex-a9 -mfpu=vfpv3 -mfloat-abi=hard -nostartfiles -g -Wall -Wextra"
"Running Make include in ps7_cortexa9_0/libsrc/sdps_v3_7/src"
make -C ps7_cortexa9_0/libsrc/sdps_v3_7/src -s include  "SHELL=CMD" "COMPILER=arm-none-eabi-gcc" "ARCHIVER=arm-none-eabi-ar" "COMPILER_FLAGS=  -O2 -c" "EXTRA_COMPILER_FLAGS=-mcpu=cortex-a9 -mfpu=vfpv3 -mfloat-abi=hard -nostartfiles -g -Wall -Wextra"
"Running Make include in ps7_cortexa9_0/libsrc/standalone_v7_0/src"
make -C ps7_cortexa9_0/libsrc/standalone_v7_0/src -s include  "SHELL=CMD" "COMPILER=arm-none-eabi-gcc" "ARCHIVER=arm-none-eabi-ar" "COMPILER_FLAGS=  -O2 -c" "EXTRA_COMPILER_FLAGS=-mcpu=cortex-a9 -mfpu=vfpv3 -mfloat-abi=hard -nostartfiles -g -Wall -Wextra"
"Running Make include in ps7_cortexa9_0/libsrc/uartps_v3_7/src"
make -C ps7_cortexa9_0/libsrc/uartps_v3_7/src -s include  "SHELL=CMD" "COMPILER=arm-none-eabi-gcc" "ARCHIVER=arm-none-eabi-ar" "COMPILER_FLAGS=  -O2 -c" "EXTRA_COMPILER_FLAGS=-mcpu=cortex-a9 -mfpu=vfpv3 -mfloat-abi=hard -nostartfiles -g -Wall -Wextra"
"Running Make include in ps7_cortexa9_0/libsrc/usbps_v2_4/src"
make -C ps7_cortexa9_0/libsrc/usbps_v2_4/src -s include  "SHELL=CMD" "COMPILER=arm-none-eabi-gcc" "ARCHIVER=arm-none-eabi-ar" "COMPILER_FLAGS=  -O2 -c" "EXTRA_COMPILER_FLAGS=-mcpu=cortex-a9 -mfpu=vfpv3 -mfloat-abi=hard -nostartfiles -g -Wall -Wextra"
"Running Make include in ps7_cortexa9_0/libsrc/xadcps_v2_3/src"
make -C ps7_cortexa9_0/libsrc/xadcps_v2_3/src -s include  "SHELL=CMD" "COMPILER=arm-none-eabi-gcc" "ARCHIVER=arm-none-eabi-ar" "COMPILER_FLAGS=  -O2 -c" "EXTRA_COMPILER_FLAGS=-mcpu=cortex-a9 -mfpu=vfpv3 -mfloat-abi=hard -nostartfiles -g -Wall -Wextra"
"Running Make libs in ps7_cortexa9_0/libsrc/coresightps_dcc_v1_5/src"
make -C ps7_cortexa9_0/libsrc/coresightps_dcc_v1_5/src -s libs  "SHELL=CMD" "COMPILER=arm-none-eabi-gcc" "ARCHIVER=arm-none-eabi-ar" "COMPILER_FLAGS=  -O2 -c" "EXTRA_COMPILER_FLAGS=-mcpu=cortex-a9 -mfpu=vfpv3 -mfloat-abi=hard -nostartfiles -g -Wall -Wextra"
"Compiling coresightps_dcc"
arm-none-eabi-ar: creating ../../../lib/libxil.a
"Running Make libs in ps7_cortexa9_0/libsrc/cpu_cortexa9_v2_7/src"
make -C ps7_cortexa9_0/libsrc/cpu_cortexa9_v2_7/src -s libs  "SHELL=CMD" "COMPILER=arm-none-eabi-gcc" "ARCHIVER=arm-none-eabi-ar" "COMPILER_FLAGS=  -O2 -c" "EXTRA_COMPILER_FLAGS=-mcpu=cortex-a9 -mfpu=vfpv3 -mfloat-abi=hard -nostartfiles -g -Wall -Wextra"
"Compiling cpu_cortexa9"
"Running Make libs in ps7_cortexa9_0/libsrc/ddrps_v1_0/src"
make -C ps7_cortexa9_0/libsrc/ddrps_v1_0/src -s libs  "SHELL=CMD" "COMPILER=arm-none-eabi-gcc" "ARCHIVER=arm-none-eabi-ar" "COMPILER_FLAGS=  -O2 -c" "EXTRA_COMPILER_FLAGS=-mcpu=cortex-a9 -mfpu=vfpv3 -mfloat-abi=hard -nostartfiles -g -Wall -Wextra"
"Compiling ddrps"
"Running Make libs in ps7_cortexa9_0/libsrc/devcfg_v3_5/src"
make -C ps7_cortexa9_0/libsrc/devcfg_v3_5/src -s libs  "SHELL=CMD" "COMPILER=arm-none-eabi-gcc" "ARCHIVER=arm-none-eabi-ar" "COMPILER_FLAGS=  -O2 -c" "EXTRA_COMPILER_FLAGS=-mcpu=cortex-a9 -mfpu=vfpv3 -mfloat-abi=hard -nostartfiles -g -Wall -Wextra"
"Compiling devcfg"
"Running Make libs in ps7_cortexa9_0/libsrc/dmaps_v2_4/src"
make -C ps7_cortexa9_0/libsrc/dmaps_v2_4/src -s libs  "SHELL=CMD" "COMPILER=arm-none-eabi-gcc" "ARCHIVER=arm-none-eabi-ar" "COMPILER_FLAGS=  -O2 -c" "EXTRA_COMPILER_FLAGS=-mcpu=cortex-a9 -mfpu=vfpv3 -mfloat-abi=hard -nostartfiles -g -Wall -Wextra"
"Compiling dmaps"
"Running Make libs in ps7_cortexa9_0/libsrc/gpiops_v3_5/src"
make -C ps7_cortexa9_0/libsrc/gpiops_v3_5/src -s libs  "SHELL=CMD" "COMPILER=arm-none-eabi-gcc" "ARCHIVER=arm-none-eabi-ar" "COMPILER_FLAGS=  -O2 -c" "EXTRA_COMPILER_FLAGS=-mcpu=cortex-a9 -mfpu=vfpv3 -mfloat-abi=hard -nostartfiles -g -Wall -Wextra"
"Compiling gpiops"
"Running Make libs in ps7_cortexa9_0/libsrc/iicps_v3_9/src"
make -C ps7_cortexa9_0/libsrc/iicps_v3_9/src -s libs  "SHELL=CMD" "COMPILER=arm-none-eabi-gcc" "ARCHIVER=arm-none-eabi-ar" "COMPILER_FLAGS=  -O2 -c" "EXTRA_COMPILER_FLAGS=-mcpu=cortex-a9 -mfpu=vfpv3 -mfloat-abi=hard -nostartfiles -g -Wall -Wextra"
"Compiling iicps"
"Running Make libs in ps7_cortexa9_0/libsrc/matrix_v1_0/src"
make -C ps7_cortexa9_0/libsrc/matrix_v1_0/src -s libs  "SHELL=CMD" "COMPILER=arm-none-eabi-gcc" "ARCHIVER=arm-none-eabi-ar" "COMPILER_FLAGS=  -O2 -c" "EXTRA_COMPILER_FLAGS=-mcpu=cortex-a9 -mfpu=vfpv3 -mfloat-abi=hard -nostartfiles -g -Wall -Wextra"
"Compiling matrix..."
matrix_selftest.c: In function 'MATRIX_Reg_SelfTest':
matrix_selftest.c:52:55: warning: comparison of integer expressions of different signedness: 'u32' {aka 'long unsigned int'} and 'int' [-Wsign-compare]
    if ( MATRIX_mReadReg (baseaddr, read_loop_index*4) != (read_loop_index+1)*READ_WRITE_MUL_FACTOR){
                                                       ^~
matrix_selftest.c:36:6: warning: unused variable 'Index' [-Wunused-variable]
  int Index;
      ^~~~~
"Running Make libs in ps7_cortexa9_0/libsrc/qspips_v3_6/src"
make -C ps7_cortexa9_0/libsrc/qspips_v3_6/src -s libs  "SHELL=CMD" "COMPILER=arm-none-eabi-gcc" "ARCHIVER=arm-none-eabi-ar" "COMPILER_FLAGS=  -O2 -c" "EXTRA_COMPILER_FLAGS=-mcpu=cortex-a9 -mfpu=vfpv3 -mfloat-abi=hard -nostartfiles -g -Wall -Wextra"
"Compiling qspips"
"Running Make libs in ps7_cortexa9_0/libsrc/scugic_v4_0/src"
make -C ps7_cortexa9_0/libsrc/scugic_v4_0/src -s libs  "SHELL=CMD" "COMPILER=arm-none-eabi-gcc" "ARCHIVER=arm-none-eabi-ar" "COMPILER_FLAGS=  -O2 -c" "EXTRA_COMPILER_FLAGS=-mcpu=cortex-a9 -mfpu=vfpv3 -mfloat-abi=hard -nostartfiles -g -Wall -Wextra"
"Compiling scugic"
"Running Make libs in ps7_cortexa9_0/libsrc/scutimer_v2_1/src"
make -C ps7_cortexa9_0/libsrc/scutimer_v2_1/src -s libs  "SHELL=CMD" "COMPILER=arm-none-eabi-gcc" "ARCHIVER=arm-none-eabi-ar" "COMPILER_FLAGS=  -O2 -c" "EXTRA_COMPILER_FLAGS=-mcpu=cortex-a9 -mfpu=vfpv3 -mfloat-abi=hard -nostartfiles -g -Wall -Wextra"
"Compiling scutimer"
"Running Make libs in ps7_cortexa9_0/libsrc/scuwdt_v2_1/src"
make -C ps7_cortexa9_0/libsrc/scuwdt_v2_1/src -s libs  "SHELL=CMD" "COMPILER=arm-none-eabi-gcc" "ARCHIVER=arm-none-eabi-ar" "COMPILER_FLAGS=  -O2 -c" "EXTRA_COMPILER_FLAGS=-mcpu=cortex-a9 -mfpu=vfpv3 -mfloat-abi=hard -nostartfiles -g -Wall -Wextra"
"Compiling scuwdt"
"Running Make libs in ps7_cortexa9_0/libsrc/sdps_v3_7/src"
make -C ps7_cortexa9_0/libsrc/sdps_v3_7/src -s libs  "SHELL=CMD" "COMPILER=arm-none-eabi-gcc" "ARCHIVER=arm-none-eabi-ar" "COMPILER_FLAGS=  -O2 -c" "EXTRA_COMPILER_FLAGS=-mcpu=cortex-a9 -mfpu=vfpv3 -mfloat-abi=hard -nostartfiles -g -Wall -Wextra"
"Compiling sdps"
"Running Make libs in ps7_cortexa9_0/libsrc/standalone_v7_0/src"
make -C ps7_cortexa9_0/libsrc/standalone_v7_0/src -s libs  "SHELL=CMD" "COMPILER=arm-none-eabi-gcc" "ARCHIVER=arm-none-eabi-ar" "COMPILER_FLAGS=  -O2 -c" "EXTRA_COMPILER_FLAGS=-mcpu=cortex-a9 -mfpu=vfpv3 -mfloat-abi=hard -nostartfiles -g -Wall -Wextra"
"Compiling standalone"
In file included from usleep.c:56:
xtime_l.h:87:9: note: #pragma message: For the sleep routines, Global timer is being used
 #pragma message ("For the sleep routines, Global timer is being used")
         ^~~~~~~
In file included from xil_sleeptimer.c:51:
xtime_l.h:87:9: note: #pragma message: For the sleep routines, Global timer is being used
 #pragma message ("For the sleep routines, Global timer is being used")
         ^~~~~~~
In file included from xtime_l.c:49:
xtime_l.h:87:9: note: #pragma message: For the sleep routines, Global timer is being used
 #pragma message ("For the sleep routines, Global timer is being used")
         ^~~~~~~
In file included from sleep.c:53:
xtime_l.h:87:9: note: #pragma message: For the sleep routines, Global timer is being used
 #pragma message ("For the sleep routines, Global timer is being used")
         ^~~~~~~
"Running Make libs in ps7_cortexa9_0/libsrc/uartps_v3_7/src"
make -C ps7_cortexa9_0/libsrc/uartps_v3_7/src -s libs  "SHELL=CMD" "COMPILER=arm-none-eabi-gcc" "ARCHIVER=arm-none-eabi-ar" "COMPILER_FLAGS=  -O2 -c" "EXTRA_COMPILER_FLAGS=-mcpu=cortex-a9 -mfpu=vfpv3 -mfloat-abi=hard -nostartfiles -g -Wall -Wextra"
"Compiling uartps"
"Running Make libs in ps7_cortexa9_0/libsrc/usbps_v2_4/src"
make -C ps7_cortexa9_0/libsrc/usbps_v2_4/src -s libs  "SHELL=CMD" "COMPILER=arm-none-eabi-gcc" "ARCHIVER=arm-none-eabi-ar" "COMPILER_FLAGS=  -O2 -c" "EXTRA_COMPILER_FLAGS=-mcpu=cortex-a9 -mfpu=vfpv3 -mfloat-abi=hard -nostartfiles -g -Wall -Wextra"
"Compiling usbps"
"Running Make libs in ps7_cortexa9_0/libsrc/xadcps_v2_3/src"
make -C ps7_cortexa9_0/libsrc/xadcps_v2_3/src -s libs  "SHELL=CMD" "COMPILER=arm-none-eabi-gcc" "ARCHIVER=arm-none-eabi-ar" "COMPILER_FLAGS=  -O2 -c" "EXTRA_COMPILER_FLAGS=-mcpu=cortex-a9 -mfpu=vfpv3 -mfloat-abi=hard -nostartfiles -g -Wall -Wextra"
"Compiling xadcps"
'Finished building libraries'
11:19:52 **** Build of configuration Debug for project ExampleC ****
make pre-build main-build 
a9-linaro-pre-build-step
' '
'Building file: ../src/helloworld.c'
'Invoking: ARM v7 gcc compiler'
arm-none-eabi-gcc -Wall -O0 -g3 -c -fmessage-length=0 -MT"src/helloworld.o" -mcpu=cortex-a9 -mfpu=vfpv3 -mfloat-abi=hard -I../../ExampleC_bsp/ps7_cortexa9_0/include -MMD -MP -MF"src/helloworld.d" -MT"src/helloworld.o" -o "src/helloworld.o" "../src/helloworld.c"
'Finished building: ../src/helloworld.c'
' '
'Building file: ../src/platform.c'
'Invoking: ARM v7 gcc compiler'
arm-none-eabi-gcc -Wall -O0 -g3 -c -fmessage-length=0 -MT"src/platform.o" -mcpu=cortex-a9 -mfpu=vfpv3 -mfloat-abi=hard -I../../ExampleC_bsp/ps7_cortexa9_0/include -MMD -MP -MF"src/platform.d" -MT"src/platform.o" -o "src/platform.o" "../src/platform.c"
'Finished building: ../src/platform.c'
' '
'Building target: ExampleC.elf'
'Invoking: ARM v7 gcc linker'
arm-none-eabi-gcc -mcpu=cortex-a9 -mfpu=vfpv3 -mfloat-abi=hard -Wl,-build-id=none -specs=Xilinx.spec -Wl,-T -Wl,../src/lscript.ld -L../../ExampleC_bsp/ps7_cortexa9_0/lib -o "ExampleC.elf"  ./src/helloworld.o ./src/platform.o   -Wl,--start-group,-lxil,-lgcc,-lc,--end-group
'Finished building target: ExampleC.elf'
' '
'Invoking: ARM v7 Print Size'
arm-none-eabi-size ExampleC.elf  |tee "ExampleC.elf.size"
   text	   data	    bss	    dec	    hex	filename
  19060	   1144	  22568	  42772	   a714	ExampleC.elf
'Finished building: ExampleC.elf.size'
' '
11:19:54 **** Auto Build of configuration Debug for project ExampleC ****
make pre-build main-build 
a9-linaro-pre-build-step
' '
make: Nothing to be done for 'main-build'.
11:23:46 **** Auto Build of project ExampleC_bsp ****
make -k all 
"Running Make include in ps7_cortexa9_0/libsrc/coresightps_dcc_v1_5/src"
make -C ps7_cortexa9_0/libsrc/coresightps_dcc_v1_5/src -s include  "SHELL=CMD" "COMPILER=arm-none-eabi-gcc" "ARCHIVER=arm-none-eabi-ar" "COMPILER_FLAGS=  -O2 -c" "EXTRA_COMPILER_FLAGS=-mcpu=cortex-a9 -mfpu=vfpv3 -mfloat-abi=hard -nostartfiles -g -Wall -Wextra"
"Running Make include in ps7_cortexa9_0/libsrc/cpu_cortexa9_v2_7/src"
make -C ps7_cortexa9_0/libsrc/cpu_cortexa9_v2_7/src -s include  "SHELL=CMD" "COMPILER=arm-none-eabi-gcc" "ARCHIVER=arm-none-eabi-ar" "COMPILER_FLAGS=  -O2 -c" "EXTRA_COMPILER_FLAGS=-mcpu=cortex-a9 -mfpu=vfpv3 -mfloat-abi=hard -nostartfiles -g -Wall -Wextra"
"Running Make include in ps7_cortexa9_0/libsrc/ddrps_v1_0/src"
make -C ps7_cortexa9_0/libsrc/ddrps_v1_0/src -s include  "SHELL=CMD" "COMPILER=arm-none-eabi-gcc" "ARCHIVER=arm-none-eabi-ar" "COMPILER_FLAGS=  -O2 -c" "EXTRA_COMPILER_FLAGS=-mcpu=cortex-a9 -mfpu=vfpv3 -mfloat-abi=hard -nostartfiles -g -Wall -Wextra"
"Running Make include in ps7_cortexa9_0/libsrc/devcfg_v3_5/src"
make -C ps7_cortexa9_0/libsrc/devcfg_v3_5/src -s include  "SHELL=CMD" "COMPILER=arm-none-eabi-gcc" "ARCHIVER=arm-none-eabi-ar" "COMPILER_FLAGS=  -O2 -c" "EXTRA_COMPILER_FLAGS=-mcpu=cortex-a9 -mfpu=vfpv3 -mfloat-abi=hard -nostartfiles -g -Wall -Wextra"
"Running Make include in ps7_cortexa9_0/libsrc/dmaps_v2_4/src"
make -C ps7_cortexa9_0/libsrc/dmaps_v2_4/src -s include  "SHELL=CMD" "COMPILER=arm-none-eabi-gcc" "ARCHIVER=arm-none-eabi-ar" "COMPILER_FLAGS=  -O2 -c" "EXTRA_COMPILER_FLAGS=-mcpu=cortex-a9 -mfpu=vfpv3 -mfloat-abi=hard -nostartfiles -g -Wall -Wextra"
"Running Make include in ps7_cortexa9_0/libsrc/gpiops_v3_5/src"
make -C ps7_cortexa9_0/libsrc/gpiops_v3_5/src -s include  "SHELL=CMD" "COMPILER=arm-none-eabi-gcc" "ARCHIVER=arm-none-eabi-ar" "COMPILER_FLAGS=  -O2 -c" "EXTRA_COMPILER_FLAGS=-mcpu=cortex-a9 -mfpu=vfpv3 -mfloat-abi=hard -nostartfiles -g -Wall -Wextra"
"Running Make include in ps7_cortexa9_0/libsrc/iicps_v3_9/src"
make -C ps7_cortexa9_0/libsrc/iicps_v3_9/src -s include  "SHELL=CMD" "COMPILER=arm-none-eabi-gcc" "ARCHIVER=arm-none-eabi-ar" "COMPILER_FLAGS=  -O2 -c" "EXTRA_COMPILER_FLAGS=-mcpu=cortex-a9 -mfpu=vfpv3 -mfloat-abi=hard -nostartfiles -g -Wall -Wextra"
"Running Make include in ps7_cortexa9_0/libsrc/matrix_v1_0/src"
make -C ps7_cortexa9_0/libsrc/matrix_v1_0/src -s include  "SHELL=CMD" "COMPILER=arm-none-eabi-gcc" "ARCHIVER=arm-none-eabi-ar" "COMPILER_FLAGS=  -O2 -c" "EXTRA_COMPILER_FLAGS=-mcpu=cortex-a9 -mfpu=vfpv3 -mfloat-abi=hard -nostartfiles -g -Wall -Wextra"
"Running Make include in ps7_cortexa9_0/libsrc/qspips_v3_6/src"
make -C ps7_cortexa9_0/libsrc/qspips_v3_6/src -s include  "SHELL=CMD" "COMPILER=arm-none-eabi-gcc" "ARCHIVER=arm-none-eabi-ar" "COMPILER_FLAGS=  -O2 -c" "EXTRA_COMPILER_FLAGS=-mcpu=cortex-a9 -mfpu=vfpv3 -mfloat-abi=hard -nostartfiles -g -Wall -Wextra"
"Running Make include in ps7_cortexa9_0/libsrc/scugic_v4_0/src"
make -C ps7_cortexa9_0/libsrc/scugic_v4_0/src -s include  "SHELL=CMD" "COMPILER=arm-none-eabi-gcc" "ARCHIVER=arm-none-eabi-ar" "COMPILER_FLAGS=  -O2 -c" "EXTRA_COMPILER_FLAGS=-mcpu=cortex-a9 -mfpu=vfpv3 -mfloat-abi=hard -nostartfiles -g -Wall -Wextra"
"Running Make include in ps7_cortexa9_0/libsrc/scutimer_v2_1/src"
make -C ps7_cortexa9_0/libsrc/scutimer_v2_1/src -s include  "SHELL=CMD" "COMPILER=arm-none-eabi-gcc" "ARCHIVER=arm-none-eabi-ar" "COMPILER_FLAGS=  -O2 -c" "EXTRA_COMPILER_FLAGS=-mcpu=cortex-a9 -mfpu=vfpv3 -mfloat-abi=hard -nostartfiles -g -Wall -Wextra"
"Running Make include in ps7_cortexa9_0/libsrc/scuwdt_v2_1/src"
make -C ps7_cortexa9_0/libsrc/scuwdt_v2_1/src -s include  "SHELL=CMD" "COMPILER=arm-none-eabi-gcc" "ARCHIVER=arm-none-eabi-ar" "COMPILER_FLAGS=  -O2 -c" "EXTRA_COMPILER_FLAGS=-mcpu=cortex-a9 -mfpu=vfpv3 -mfloat-abi=hard -nostartfiles -g -Wall -Wextra"
"Running Make include in ps7_cortexa9_0/libsrc/sdps_v3_7/src"
make -C ps7_cortexa9_0/libsrc/sdps_v3_7/src -s include  "SHELL=CMD" "COMPILER=arm-none-eabi-gcc" "ARCHIVER=arm-none-eabi-ar" "COMPILER_FLAGS=  -O2 -c" "EXTRA_COMPILER_FLAGS=-mcpu=cortex-a9 -mfpu=vfpv3 -mfloat-abi=hard -nostartfiles -g -Wall -Wextra"
"Running Make include in ps7_cortexa9_0/libsrc/standalone_v7_0/src"
make -C ps7_cortexa9_0/libsrc/standalone_v7_0/src -s include  "SHELL=CMD" "COMPILER=arm-none-eabi-gcc" "ARCHIVER=arm-none-eabi-ar" "COMPILER_FLAGS=  -O2 -c" "EXTRA_COMPILER_FLAGS=-mcpu=cortex-a9 -mfpu=vfpv3 -mfloat-abi=hard -nostartfiles -g -Wall -Wextra"
"Running Make include in ps7_cortexa9_0/libsrc/uartps_v3_7/src"
make -C ps7_cortexa9_0/libsrc/uartps_v3_7/src -s include  "SHELL=CMD" "COMPILER=arm-none-eabi-gcc" "ARCHIVER=arm-none-eabi-ar" "COMPILER_FLAGS=  -O2 -c" "EXTRA_COMPILER_FLAGS=-mcpu=cortex-a9 -mfpu=vfpv3 -mfloat-abi=hard -nostartfiles -g -Wall -Wextra"
"Running Make include in ps7_cortexa9_0/libsrc/usbps_v2_4/src"
make -C ps7_cortexa9_0/libsrc/usbps_v2_4/src -s include  "SHELL=CMD" "COMPILER=arm-none-eabi-gcc" "ARCHIVER=arm-none-eabi-ar" "COMPILER_FLAGS=  -O2 -c" "EXTRA_COMPILER_FLAGS=-mcpu=cortex-a9 -mfpu=vfpv3 -mfloat-abi=hard -nostartfiles -g -Wall -Wextra"
"Running Make include in ps7_cortexa9_0/libsrc/xadcps_v2_3/src"
make -C ps7_cortexa9_0/libsrc/xadcps_v2_3/src -s include  "SHELL=CMD" "COMPILER=arm-none-eabi-gcc" "ARCHIVER=arm-none-eabi-ar" "COMPILER_FLAGS=  -O2 -c" "EXTRA_COMPILER_FLAGS=-mcpu=cortex-a9 -mfpu=vfpv3 -mfloat-abi=hard -nostartfiles -g -Wall -Wextra"
"Running Make libs in ps7_cortexa9_0/libsrc/coresightps_dcc_v1_5/src"
make -C ps7_cortexa9_0/libsrc/coresightps_dcc_v1_5/src -s libs  "SHELL=CMD" "COMPILER=arm-none-eabi-gcc" "ARCHIVER=arm-none-eabi-ar" "COMPILER_FLAGS=  -O2 -c" "EXTRA_COMPILER_FLAGS=-mcpu=cortex-a9 -mfpu=vfpv3 -mfloat-abi=hard -nostartfiles -g -Wall -Wextra"
"Compiling coresightps_dcc"
arm-none-eabi-ar: creating ../../../lib/libxil.a
"Running Make libs in ps7_cortexa9_0/libsrc/cpu_cortexa9_v2_7/src"
make -C ps7_cortexa9_0/libsrc/cpu_cortexa9_v2_7/src -s libs  "SHELL=CMD" "COMPILER=arm-none-eabi-gcc" "ARCHIVER=arm-none-eabi-ar" "COMPILER_FLAGS=  -O2 -c" "EXTRA_COMPILER_FLAGS=-mcpu=cortex-a9 -mfpu=vfpv3 -mfloat-abi=hard -nostartfiles -g -Wall -Wextra"
"Compiling cpu_cortexa9"
"Running Make libs in ps7_cortexa9_0/libsrc/ddrps_v1_0/src"
make -C ps7_cortexa9_0/libsrc/ddrps_v1_0/src -s libs  "SHELL=CMD" "COMPILER=arm-none-eabi-gcc" "ARCHIVER=arm-none-eabi-ar" "COMPILER_FLAGS=  -O2 -c" "EXTRA_COMPILER_FLAGS=-mcpu=cortex-a9 -mfpu=vfpv3 -mfloat-abi=hard -nostartfiles -g -Wall -Wextra"
"Compiling ddrps"
"Running Make libs in ps7_cortexa9_0/libsrc/devcfg_v3_5/src"
make -C ps7_cortexa9_0/libsrc/devcfg_v3_5/src -s libs  "SHELL=CMD" "COMPILER=arm-none-eabi-gcc" "ARCHIVER=arm-none-eabi-ar" "COMPILER_FLAGS=  -O2 -c" "EXTRA_COMPILER_FLAGS=-mcpu=cortex-a9 -mfpu=vfpv3 -mfloat-abi=hard -nostartfiles -g -Wall -Wextra"
"Compiling devcfg"
"Running Make libs in ps7_cortexa9_0/libsrc/dmaps_v2_4/src"
make -C ps7_cortexa9_0/libsrc/dmaps_v2_4/src -s libs  "SHELL=CMD" "COMPILER=arm-none-eabi-gcc" "ARCHIVER=arm-none-eabi-ar" "COMPILER_FLAGS=  -O2 -c" "EXTRA_COMPILER_FLAGS=-mcpu=cortex-a9 -mfpu=vfpv3 -mfloat-abi=hard -nostartfiles -g -Wall -Wextra"
"Compiling dmaps"
"Running Make libs in ps7_cortexa9_0/libsrc/gpiops_v3_5/src"
make -C ps7_cortexa9_0/libsrc/gpiops_v3_5/src -s libs  "SHELL=CMD" "COMPILER=arm-none-eabi-gcc" "ARCHIVER=arm-none-eabi-ar" "COMPILER_FLAGS=  -O2 -c" "EXTRA_COMPILER_FLAGS=-mcpu=cortex-a9 -mfpu=vfpv3 -mfloat-abi=hard -nostartfiles -g -Wall -Wextra"
"Compiling gpiops"
"Running Make libs in ps7_cortexa9_0/libsrc/iicps_v3_9/src"
make -C ps7_cortexa9_0/libsrc/iicps_v3_9/src -s libs  "SHELL=CMD" "COMPILER=arm-none-eabi-gcc" "ARCHIVER=arm-none-eabi-ar" "COMPILER_FLAGS=  -O2 -c" "EXTRA_COMPILER_FLAGS=-mcpu=cortex-a9 -mfpu=vfpv3 -mfloat-abi=hard -nostartfiles -g -Wall -Wextra"
"Compiling iicps"
"Running Make libs in ps7_cortexa9_0/libsrc/matrix_v1_0/src"
make -C ps7_cortexa9_0/libsrc/matrix_v1_0/src -s libs  "SHELL=CMD" "COMPILER=arm-none-eabi-gcc" "ARCHIVER=arm-none-eabi-ar" "COMPILER_FLAGS=  -O2 -c" "EXTRA_COMPILER_FLAGS=-mcpu=cortex-a9 -mfpu=vfpv3 -mfloat-abi=hard -nostartfiles -g -Wall -Wextra"
"Compiling matrix..."
matrix_selftest.c: In function 'MATRIX_Reg_SelfTest':
matrix_selftest.c:52:55: warning: comparison of integer expressions of different signedness: 'u32' {aka 'long unsigned int'} and 'int' [-Wsign-compare]
    if ( MATRIX_mReadReg (baseaddr, read_loop_index*4) != (read_loop_index+1)*READ_WRITE_MUL_FACTOR){
                                                       ^~
matrix_selftest.c:36:6: warning: unused variable 'Index' [-Wunused-variable]
  int Index;
      ^~~~~
"Running Make libs in ps7_cortexa9_0/libsrc/qspips_v3_6/src"
make -C ps7_cortexa9_0/libsrc/qspips_v3_6/src -s libs  "SHELL=CMD" "COMPILER=arm-none-eabi-gcc" "ARCHIVER=arm-none-eabi-ar" "COMPILER_FLAGS=  -O2 -c" "EXTRA_COMPILER_FLAGS=-mcpu=cortex-a9 -mfpu=vfpv3 -mfloat-abi=hard -nostartfiles -g -Wall -Wextra"
"Compiling qspips"
"Running Make libs in ps7_cortexa9_0/libsrc/scugic_v4_0/src"
make -C ps7_cortexa9_0/libsrc/scugic_v4_0/src -s libs  "SHELL=CMD" "COMPILER=arm-none-eabi-gcc" "ARCHIVER=arm-none-eabi-ar" "COMPILER_FLAGS=  -O2 -c" "EXTRA_COMPILER_FLAGS=-mcpu=cortex-a9 -mfpu=vfpv3 -mfloat-abi=hard -nostartfiles -g -Wall -Wextra"
"Compiling scugic"
"Running Make libs in ps7_cortexa9_0/libsrc/scutimer_v2_1/src"
make -C ps7_cortexa9_0/libsrc/scutimer_v2_1/src -s libs  "SHELL=CMD" "COMPILER=arm-none-eabi-gcc" "ARCHIVER=arm-none-eabi-ar" "COMPILER_FLAGS=  -O2 -c" "EXTRA_COMPILER_FLAGS=-mcpu=cortex-a9 -mfpu=vfpv3 -mfloat-abi=hard -nostartfiles -g -Wall -Wextra"
"Compiling scutimer"
"Running Make libs in ps7_cortexa9_0/libsrc/scuwdt_v2_1/src"
make -C ps7_cortexa9_0/libsrc/scuwdt_v2_1/src -s libs  "SHELL=CMD" "COMPILER=arm-none-eabi-gcc" "ARCHIVER=arm-none-eabi-ar" "COMPILER_FLAGS=  -O2 -c" "EXTRA_COMPILER_FLAGS=-mcpu=cortex-a9 -mfpu=vfpv3 -mfloat-abi=hard -nostartfiles -g -Wall -Wextra"
"Compiling scuwdt"
"Running Make libs in ps7_cortexa9_0/libsrc/sdps_v3_7/src"
make -C ps7_cortexa9_0/libsrc/sdps_v3_7/src -s libs  "SHELL=CMD" "COMPILER=arm-none-eabi-gcc" "ARCHIVER=arm-none-eabi-ar" "COMPILER_FLAGS=  -O2 -c" "EXTRA_COMPILER_FLAGS=-mcpu=cortex-a9 -mfpu=vfpv3 -mfloat-abi=hard -nostartfiles -g -Wall -Wextra"
"Compiling sdps"
"Running Make libs in ps7_cortexa9_0/libsrc/standalone_v7_0/src"
make -C ps7_cortexa9_0/libsrc/standalone_v7_0/src -s libs  "SHELL=CMD" "COMPILER=arm-none-eabi-gcc" "ARCHIVER=arm-none-eabi-ar" "COMPILER_FLAGS=  -O2 -c" "EXTRA_COMPILER_FLAGS=-mcpu=cortex-a9 -mfpu=vfpv3 -mfloat-abi=hard -nostartfiles -g -Wall -Wextra"
"Compiling standalone"
In file included from usleep.c:56:
xtime_l.h:87:9: note: #pragma message: For the sleep routines, Global timer is being used
 #pragma message ("For the sleep routines, Global timer is being used")
         ^~~~~~~
In file included from xil_sleeptimer.c:51:
xtime_l.h:87:9: note: #pragma message: For the sleep routines, Global timer is being used
 #pragma message ("For the sleep routines, Global timer is being used")
         ^~~~~~~
In file included from xtime_l.c:49:
xtime_l.h:87:9: note: #pragma message: For the sleep routines, Global timer is being used
 #pragma message ("For the sleep routines, Global timer is being used")
         ^~~~~~~
In file included from sleep.c:53:
xtime_l.h:87:9: note: #pragma message: For the sleep routines, Global timer is being used
 #pragma message ("For the sleep routines, Global timer is being used")
         ^~~~~~~
"Running Make libs in ps7_cortexa9_0/libsrc/uartps_v3_7/src"
make -C ps7_cortexa9_0/libsrc/uartps_v3_7/src -s libs  "SHELL=CMD" "COMPILER=arm-none-eabi-gcc" "ARCHIVER=arm-none-eabi-ar" "COMPILER_FLAGS=  -O2 -c" "EXTRA_COMPILER_FLAGS=-mcpu=cortex-a9 -mfpu=vfpv3 -mfloat-abi=hard -nostartfiles -g -Wall -Wextra"
"Compiling uartps"
"Running Make libs in ps7_cortexa9_0/libsrc/usbps_v2_4/src"
make -C ps7_cortexa9_0/libsrc/usbps_v2_4/src -s libs  "SHELL=CMD" "COMPILER=arm-none-eabi-gcc" "ARCHIVER=arm-none-eabi-ar" "COMPILER_FLAGS=  -O2 -c" "EXTRA_COMPILER_FLAGS=-mcpu=cortex-a9 -mfpu=vfpv3 -mfloat-abi=hard -nostartfiles -g -Wall -Wextra"
"Compiling usbps"
"Running Make libs in ps7_cortexa9_0/libsrc/xadcps_v2_3/src"
make -C ps7_cortexa9_0/libsrc/xadcps_v2_3/src -s libs  "SHELL=CMD" "COMPILER=arm-none-eabi-gcc" "ARCHIVER=arm-none-eabi-ar" "COMPILER_FLAGS=  -O2 -c" "EXTRA_COMPILER_FLAGS=-mcpu=cortex-a9 -mfpu=vfpv3 -mfloat-abi=hard -nostartfiles -g -Wall -Wextra"
"Compiling xadcps"
'Finished building libraries'
11:24:22 **** Auto Build of configuration Debug for project ExampleC ****
make pre-build main-build 
a9-linaro-pre-build-step
' '
'Building file: ../src/helloworld.c'
'Invoking: ARM v7 gcc compiler'
arm-none-eabi-gcc -Wall -O0 -g3 -c -fmessage-length=0 -MT"src/helloworld.o" -mcpu=cortex-a9 -mfpu=vfpv3 -mfloat-abi=hard -I../../ExampleC_bsp/ps7_cortexa9_0/include -MMD -MP -MF"src/helloworld.d" -MT"src/helloworld.o" -o "src/helloworld.o" "../src/helloworld.c"
'Finished building: ../src/helloworld.c'
' '
'Building file: ../src/platform.c'
'Invoking: ARM v7 gcc compiler'
arm-none-eabi-gcc -Wall -O0 -g3 -c -fmessage-length=0 -MT"src/platform.o" -mcpu=cortex-a9 -mfpu=vfpv3 -mfloat-abi=hard -I../../ExampleC_bsp/ps7_cortexa9_0/include -MMD -MP -MF"src/platform.d" -MT"src/platform.o" -o "src/platform.o" "../src/platform.c"
'Finished building: ../src/platform.c'
' '
'Building target: ExampleC.elf'
'Invoking: ARM v7 gcc linker'
arm-none-eabi-gcc -mcpu=cortex-a9 -mfpu=vfpv3 -mfloat-abi=hard -Wl,-build-id=none -specs=Xilinx.spec -Wl,-T -Wl,../src/lscript.ld -L../../ExampleC_bsp/ps7_cortexa9_0/lib -o "ExampleC.elf"  ./src/helloworld.o ./src/platform.o   -Wl,--start-group,-lxil,-lgcc,-lc,--end-group
'Finished building target: ExampleC.elf'
' '
'Invoking: ARM v7 Print Size'
arm-none-eabi-size ExampleC.elf  |tee "ExampleC.elf.size"
   text	   data	    bss	    dec	    hex	filename
  19064	   1144	  22568	  42776	   a718	ExampleC.elf
'Finished building: ExampleC.elf.size'
' '
11:28:06 **** Auto Build of configuration Debug for project ExampleC ****
make pre-build main-build 
a9-linaro-pre-build-step
' '
'Building file: ../src/helloworld.c'
'Invoking: ARM v7 gcc compiler'
arm-none-eabi-gcc -Wall -O0 -g3 -c -fmessage-length=0 -MT"src/helloworld.o" -mcpu=cortex-a9 -mfpu=vfpv3 -mfloat-abi=hard -I../../ExampleC_bsp/ps7_cortexa9_0/include -MMD -MP -MF"src/helloworld.d" -MT"src/helloworld.o" -o "src/helloworld.o" "../src/helloworld.c"
'Finished building: ../src/helloworld.c'
' '
'Building target: ExampleC.elf'
'Invoking: ARM v7 gcc linker'
arm-none-eabi-gcc -mcpu=cortex-a9 -mfpu=vfpv3 -mfloat-abi=hard -Wl,-build-id=none -specs=Xilinx.spec -Wl,-T -Wl,../src/lscript.ld -L../../ExampleC_bsp/ps7_cortexa9_0/lib -o "ExampleC.elf"  ./src/helloworld.o ./src/platform.o   -Wl,--start-group,-lxil,-lgcc,-lc,--end-group
'Finished building target: ExampleC.elf'
' '
'Invoking: ARM v7 Print Size'
arm-none-eabi-size ExampleC.elf  |tee "ExampleC.elf.size"
   text	   data	    bss	    dec	    hex	filename
  19192	   1144	  22568	  42904	   a798	ExampleC.elf
'Finished building: ExampleC.elf.size'
' '
11:32:41 **** Auto Build of configuration Debug for project ExampleC ****
make pre-build main-build 
a9-linaro-pre-build-step
' '
'Building file: ../src/helloworld.c'
'Invoking: ARM v7 gcc compiler'
arm-none-eabi-gcc -Wall -O0 -g3 -c -fmessage-length=0 -MT"src/helloworld.o" -mcpu=cortex-a9 -mfpu=vfpv3 -mfloat-abi=hard -I../../ExampleC_bsp/ps7_cortexa9_0/include -MMD -MP -MF"src/helloworld.d" -MT"src/helloworld.o" -o "src/helloworld.o" "../src/helloworld.c"
../src/helloworld.c: In function 'writeLed':
../src/helloworld.c:46:2: warning: implicit declaration of function 'MATRIX_mWriteReg' [-Wimplicit-function-declaration]
  MATRIX_mWriteReg(XPAR_MATRIX_0_S00_AXI_BASEADDR, position * 4, data);
  ^~~~~~~~~~~~~~~~
../src/helloworld.c: In function 'pushArrayLeds':
../src/helloworld.c:58:50: error: 'MATRIX_S00_AXI_SLV_REG0_OFFSET' undeclared (first use in this function)
  MATRIX_mWriteReg(XPAR_MATRIX_0_S00_AXI_BASEADDR,MATRIX_S00_AXI_SLV_REG0_OFFSET,ledOUTPUT[0][0]);
                                                  ^~~~~~~~~~~~~~~~~~~~~~~~~~~~~~
../src/helloworld.c:58:50: note: each undeclared identifier is reported only once for each function it appears in
../src/helloworld.c:59:50: error: 'MATRIX_S00_AXI_SLV_REG1_OFFSET' undeclared (first use in this function)
  MATRIX_mWriteReg(XPAR_MATRIX_0_S00_AXI_BASEADDR,MATRIX_S00_AXI_SLV_REG1_OFFSET,ledOUTPUT[0][1]);
                                                  ^~~~~~~~~~~~~~~~~~~~~~~~~~~~~~
../src/helloworld.c:60:50: error: 'MATRIX_S00_AXI_SLV_REG2_OFFSET' undeclared (first use in this function)
  MATRIX_mWriteReg(XPAR_MATRIX_0_S00_AXI_BASEADDR,MATRIX_S00_AXI_SLV_REG2_OFFSET,ledOUTPUT[0][2]);
                                                  ^~~~~~~~~~~~~~~~~~~~~~~~~~~~~~
../src/helloworld.c:61:50: error: 'MATRIX_S00_AXI_SLV_REG3_OFFSET' undeclared (first use in this function)
  MATRIX_mWriteReg(XPAR_MATRIX_0_S00_AXI_BASEADDR,MATRIX_S00_AXI_SLV_REG3_OFFSET,ledOUTPUT[0][3]);
                                                  ^~~~~~~~~~~~~~~~~~~~~~~~~~~~~~
../src/helloworld.c:62:50: error: 'MATRIX_S00_AXI_SLV_REG4_OFFSET' undeclared (first use in this function)
  MATRIX_mWriteReg(XPAR_MATRIX_0_S00_AXI_BASEADDR,MATRIX_S00_AXI_SLV_REG4_OFFSET,ledOUTPUT[0][4]);
                                                  ^~~~~~~~~~~~~~~~~~~~~~~~~~~~~~
../src/helloworld.c:63:50: error: 'MATRIX_S00_AXI_SLV_REG5_OFFSET' undeclared (first use in this function)
  MATRIX_mWriteReg(XPAR_MATRIX_0_S00_AXI_BASEADDR,MATRIX_S00_AXI_SLV_REG5_OFFSET,ledOUTPUT[0][5]);
                                                  ^~~~~~~~~~~~~~~~~~~~~~~~~~~~~~
../src/helloworld.c:64:50: error: 'MATRIX_S00_AXI_SLV_REG6_OFFSET' undeclared (first use in this function)
  MATRIX_mWriteReg(XPAR_MATRIX_0_S00_AXI_BASEADDR,MATRIX_S00_AXI_SLV_REG6_OFFSET,ledOUTPUT[0][6]);
                                                  ^~~~~~~~~~~~~~~~~~~~~~~~~~~~~~
../src/helloworld.c:65:50: error: 'MATRIX_S00_AXI_SLV_REG7_OFFSET' undeclared (first use in this function)
  MATRIX_mWriteReg(XPAR_MATRIX_0_S00_AXI_BASEADDR,MATRIX_S00_AXI_SLV_REG7_OFFSET,ledOUTPUT[0][7]);
                                                  ^~~~~~~~~~~~~~~~~~~~~~~~~~~~~~
../src/helloworld.c:66:50: error: 'MATRIX_S00_AXI_SLV_REG8_OFFSET' undeclared (first use in this function)
  MATRIX_mWriteReg(XPAR_MATRIX_0_S00_AXI_BASEADDR,MATRIX_S00_AXI_SLV_REG8_OFFSET,ledOUTPUT[1][0]);
                                                  ^~~~~~~~~~~~~~~~~~~~~~~~~~~~~~
../src/helloworld.c:67:50: error: 'MATRIX_S00_AXI_SLV_REG9_OFFSET' undeclared (first use in this function)
  MATRIX_mWriteReg(XPAR_MATRIX_0_S00_AXI_BASEADDR,MATRIX_S00_AXI_SLV_REG9_OFFSET,ledOUTPUT[1][1]);
                                                  ^~~~~~~~~~~~~~~~~~~~~~~~~~~~~~
../src/helloworld.c:68:50: error: 'MATRIX_S00_AXI_SLV_REG10_OFFSET' undeclared (first use in this function)
  MATRIX_mWriteReg(XPAR_MATRIX_0_S00_AXI_BASEADDR,MATRIX_S00_AXI_SLV_REG10_OFFSET,ledOUTPUT[1][2]);
                                                  ^~~~~~~~~~~~~~~~~~~~~~~~~~~~~~~
../src/helloworld.c:69:50: error: 'MATRIX_S00_AXI_SLV_REG11_OFFSET' undeclared (first use in this function)
  MATRIX_mWriteReg(XPAR_MATRIX_0_S00_AXI_BASEADDR,MATRIX_S00_AXI_SLV_REG11_OFFSET,ledOUTPUT[1][3]);
                                                  ^~~~~~~~~~~~~~~~~~~~~~~~~~~~~~~
../src/helloworld.c:70:50: error: 'MATRIX_S00_AXI_SLV_REG12_OFFSET' undeclared (first use in this function)
  MATRIX_mWriteReg(XPAR_MATRIX_0_S00_AXI_BASEADDR,MATRIX_S00_AXI_SLV_REG12_OFFSET,ledOUTPUT[1][4]);
                                                  ^~~~~~~~~~~~~~~~~~~~~~~~~~~~~~~
../src/helloworld.c:71:50: error: 'MATRIX_S00_AXI_SLV_REG13_OFFSET' undeclared (first use in this function)
  MATRIX_mWriteReg(XPAR_MATRIX_0_S00_AXI_BASEADDR,MATRIX_S00_AXI_SLV_REG13_OFFSET,ledOUTPUT[1][5]);
                                                  ^~~~~~~~~~~~~~~~~~~~~~~~~~~~~~~
../src/helloworld.c:72:50: error: 'MATRIX_S00_AXI_SLV_REG14_OFFSET' undeclared (first use in this function)
  MATRIX_mWriteReg(XPAR_MATRIX_0_S00_AXI_BASEADDR,MATRIX_S00_AXI_SLV_REG14_OFFSET,ledOUTPUT[1][6]);
                                                  ^~~~~~~~~~~~~~~~~~~~~~~~~~~~~~~
../src/helloworld.c:73:50: error: 'MATRIX_S00_AXI_SLV_REG15_OFFSET' undeclared (first use in this function)
  MATRIX_mWriteReg(XPAR_MATRIX_0_S00_AXI_BASEADDR,MATRIX_S00_AXI_SLV_REG15_OFFSET,ledOUTPUT[1][7]);
                                                  ^~~~~~~~~~~~~~~~~~~~~~~~~~~~~~~
../src/helloworld.c:74:50: error: 'MATRIX_S00_AXI_SLV_REG16_OFFSET' undeclared (first use in this function)
  MATRIX_mWriteReg(XPAR_MATRIX_0_S00_AXI_BASEADDR,MATRIX_S00_AXI_SLV_REG16_OFFSET,ledOUTPUT[2][0]);
                                                  ^~~~~~~~~~~~~~~~~~~~~~~~~~~~~~~
../src/helloworld.c:75:50: error: 'MATRIX_S00_AXI_SLV_REG17_OFFSET' undeclared (first use in this function)
  MATRIX_mWriteReg(XPAR_MATRIX_0_S00_AXI_BASEADDR,MATRIX_S00_AXI_SLV_REG17_OFFSET,ledOUTPUT[2][1]);
                                                  ^~~~~~~~~~~~~~~~~~~~~~~~~~~~~~~
../src/helloworld.c:76:50: error: 'MATRIX_S00_AXI_SLV_REG18_OFFSET' undeclared (first use in this function)
  MATRIX_mWriteReg(XPAR_MATRIX_0_S00_AXI_BASEADDR,MATRIX_S00_AXI_SLV_REG18_OFFSET,ledOUTPUT[2][2]);
                                                  ^~~~~~~~~~~~~~~~~~~~~~~~~~~~~~~
../src/helloworld.c:77:50: error: 'MATRIX_S00_AXI_SLV_REG19_OFFSET' undeclared (first use in this function)
  MATRIX_mWriteReg(XPAR_MATRIX_0_S00_AXI_BASEADDR,MATRIX_S00_AXI_SLV_REG19_OFFSET,ledOUTPUT[2][3]);
                                                  ^~~~~~~~~~~~~~~~~~~~~~~~~~~~~~~
../src/helloworld.c:78:50: error: 'MATRIX_S00_AXI_SLV_REG20_OFFSET' undeclared (first use in this function)
  MATRIX_mWriteReg(XPAR_MATRIX_0_S00_AXI_BASEADDR,MATRIX_S00_AXI_SLV_REG20_OFFSET,ledOUTPUT[2][4]);
                                                  ^~~~~~~~~~~~~~~~~~~~~~~~~~~~~~~
../src/helloworld.c:79:50: error: 'MATRIX_S00_AXI_SLV_REG21_OFFSET' undeclared (first use in this function)
  MATRIX_mWriteReg(XPAR_MATRIX_0_S00_AXI_BASEADDR,MATRIX_S00_AXI_SLV_REG21_OFFSET,ledOUTPUT[2][5]);
                                                  ^~~~~~~~~~~~~~~~~~~~~~~~~~~~~~~
../src/helloworld.c:80:50: error: 'MATRIX_S00_AXI_SLV_REG22_OFFSET' undeclared (first use in this function)
  MATRIX_mWriteReg(XPAR_MATRIX_0_S00_AXI_BASEADDR,MATRIX_S00_AXI_SLV_REG22_OFFSET,ledOUTPUT[2][6]);
                                                  ^~~~~~~~~~~~~~~~~~~~~~~~~~~~~~~
../src/helloworld.c:81:50: error: 'MATRIX_S00_AXI_SLV_REG23_OFFSET' undeclared (first use in this function)
  MATRIX_mWriteReg(XPAR_MATRIX_0_S00_AXI_BASEADDR,MATRIX_S00_AXI_SLV_REG23_OFFSET,ledOUTPUT[2][7]);
                                                  ^~~~~~~~~~~~~~~~~~~~~~~~~~~~~~~
../src/helloworld.c:82:50: error: 'MATRIX_S00_AXI_SLV_REG24_OFFSET' undeclared (first use in this function)
  MATRIX_mWriteReg(XPAR_MATRIX_0_S00_AXI_BASEADDR,MATRIX_S00_AXI_SLV_REG24_OFFSET,ledOUTPUT[3][0]);
                                                  ^~~~~~~~~~~~~~~~~~~~~~~~~~~~~~~
../src/helloworld.c:83:50: error: 'MATRIX_S00_AXI_SLV_REG25_OFFSET' undeclared (first use in this function)
  MATRIX_mWriteReg(XPAR_MATRIX_0_S00_AXI_BASEADDR,MATRIX_S00_AXI_SLV_REG25_OFFSET,ledOUTPUT[3][1]);
                                                  ^~~~~~~~~~~~~~~~~~~~~~~~~~~~~~~
../src/helloworld.c:84:50: error: 'MATRIX_S00_AXI_SLV_REG26_OFFSET' undeclared (first use in this function)
  MATRIX_mWriteReg(XPAR_MATRIX_0_S00_AXI_BASEADDR,MATRIX_S00_AXI_SLV_REG26_OFFSET,ledOUTPUT[3][2]);
                                                  ^~~~~~~~~~~~~~~~~~~~~~~~~~~~~~~
../src/helloworld.c:85:50: error: 'MATRIX_S00_AXI_SLV_REG27_OFFSET' undeclared (first use in this function)
  MATRIX_mWriteReg(XPAR_MATRIX_0_S00_AXI_BASEADDR,MATRIX_S00_AXI_SLV_REG27_OFFSET,ledOUTPUT[3][3]);
                                                  ^~~~~~~~~~~~~~~~~~~~~~~~~~~~~~~
../src/helloworld.c:86:50: error: 'MATRIX_S00_AXI_SLV_REG28_OFFSET' undeclared (first use in this function)
  MATRIX_mWriteReg(XPAR_MATRIX_0_S00_AXI_BASEADDR,MATRIX_S00_AXI_SLV_REG28_OFFSET,ledOUTPUT[3][4]);
                                                  ^~~~~~~~~~~~~~~~~~~~~~~~~~~~~~~
../src/helloworld.c:87:50: error: 'MATRIX_S00_AXI_SLV_REG29_OFFSET' undeclared (first use in this function)
  MATRIX_mWriteReg(XPAR_MATRIX_0_S00_AXI_BASEADDR,MATRIX_S00_AXI_SLV_REG29_OFFSET,ledOUTPUT[3][5]);
                                                  ^~~~~~~~~~~~~~~~~~~~~~~~~~~~~~~
../src/helloworld.c:88:50: error: 'MATRIX_S00_AXI_SLV_REG30_OFFSET' undeclared (first use in this function)
  MATRIX_mWriteReg(XPAR_MATRIX_0_S00_AXI_BASEADDR,MATRIX_S00_AXI_SLV_REG30_OFFSET,ledOUTPUT[3][6]);
                                                  ^~~~~~~~~~~~~~~~~~~~~~~~~~~~~~~
../src/helloworld.c:89:50: error: 'MATRIX_S00_AXI_SLV_REG31_OFFSET' undeclared (first use in this function)
  MATRIX_mWriteReg(XPAR_MATRIX_0_S00_AXI_BASEADDR,MATRIX_S00_AXI_SLV_REG31_OFFSET,ledOUTPUT[3][7]);
                                                  ^~~~~~~~~~~~~~~~~~~~~~~~~~~~~~~
../src/helloworld.c:90:50: error: 'MATRIX_S00_AXI_SLV_REG32_OFFSET' undeclared (first use in this function)
  MATRIX_mWriteReg(XPAR_MATRIX_0_S00_AXI_BASEADDR,MATRIX_S00_AXI_SLV_REG32_OFFSET,ledOUTPUT[4][0]);
                                                  ^~~~~~~~~~~~~~~~~~~~~~~~~~~~~~~
../src/helloworld.c:91:50: error: 'MATRIX_S00_AXI_SLV_REG33_OFFSET' undeclared (first use in this function)
  MATRIX_mWriteReg(XPAR_MATRIX_0_S00_AXI_BASEADDR,MATRIX_S00_AXI_SLV_REG33_OFFSET,ledOUTPUT[4][1]);
                                                  ^~~~~~~~~~~~~~~~~~~~~~~~~~~~~~~
../src/helloworld.c:92:50: error: 'MATRIX_S00_AXI_SLV_REG34_OFFSET' undeclared (first use in this function)
  MATRIX_mWriteReg(XPAR_MATRIX_0_S00_AXI_BASEADDR,MATRIX_S00_AXI_SLV_REG34_OFFSET,ledOUTPUT[4][2]);
                                                  ^~~~~~~~~~~~~~~~~~~~~~~~~~~~~~~
../src/helloworld.c:93:50: error: 'MATRIX_S00_AXI_SLV_REG35_OFFSET' undeclared (first use in this function)
  MATRIX_mWriteReg(XPAR_MATRIX_0_S00_AXI_BASEADDR,MATRIX_S00_AXI_SLV_REG35_OFFSET,ledOUTPUT[4][3]);
                                                  ^~~~~~~~~~~~~~~~~~~~~~~~~~~~~~~
../src/helloworld.c:94:50: error: 'MATRIX_S00_AXI_SLV_REG36_OFFSET' undeclared (first use in this function)
  MATRIX_mWriteReg(XPAR_MATRIX_0_S00_AXI_BASEADDR,MATRIX_S00_AXI_SLV_REG36_OFFSET,ledOUTPUT[4][4]);
                                                  ^~~~~~~~~~~~~~~~~~~~~~~~~~~~~~~
../src/helloworld.c:95:50: error: 'MATRIX_S00_AXI_SLV_REG37_OFFSET' undeclared (first use in this function)
  MATRIX_mWriteReg(XPAR_MATRIX_0_S00_AXI_BASEADDR,MATRIX_S00_AXI_SLV_REG37_OFFSET,ledOUTPUT[4][5]);
                                                  ^~~~~~~~~~~~~~~~~~~~~~~~~~~~~~~
../src/helloworld.c:96:50: error: 'MATRIX_S00_AXI_SLV_REG38_OFFSET' undeclared (first use in this function)
  MATRIX_mWriteReg(XPAR_MATRIX_0_S00_AXI_BASEADDR,MATRIX_S00_AXI_SLV_REG38_OFFSET,ledOUTPUT[4][6]);
                                                  ^~~~~~~~~~~~~~~~~~~~~~~~~~~~~~~
../src/helloworld.c:97:50: error: 'MATRIX_S00_AXI_SLV_REG39_OFFSET' undeclared (first use in this function)
  MATRIX_mWriteReg(XPAR_MATRIX_0_S00_AXI_BASEADDR,MATRIX_S00_AXI_SLV_REG39_OFFSET,ledOUTPUT[4][7]);
                                                  ^~~~~~~~~~~~~~~~~~~~~~~~~~~~~~~
../src/helloworld.c:98:50: error: 'MATRIX_S00_AXI_SLV_REG40_OFFSET' undeclared (first use in this function)
  MATRIX_mWriteReg(XPAR_MATRIX_0_S00_AXI_BASEADDR,MATRIX_S00_AXI_SLV_REG40_OFFSET,ledOUTPUT[5][0]);
                                                  ^~~~~~~~~~~~~~~~~~~~~~~~~~~~~~~
../src/helloworld.c:99:50: error: 'MATRIX_S00_AXI_SLV_REG41_OFFSET' undeclared (first use in this function)
  MATRIX_mWriteReg(XPAR_MATRIX_0_S00_AXI_BASEADDR,MATRIX_S00_AXI_SLV_REG41_OFFSET,ledOUTPUT[5][1]);
                                                  ^~~~~~~~~~~~~~~~~~~~~~~~~~~~~~~
../src/helloworld.c:100:50: error: 'MATRIX_S00_AXI_SLV_REG42_OFFSET' undeclared (first use in this function)
  MATRIX_mWriteReg(XPAR_MATRIX_0_S00_AXI_BASEADDR,MATRIX_S00_AXI_SLV_REG42_OFFSET,ledOUTPUT[5][2]);
                                                  ^~~~~~~~~~~~~~~~~~~~~~~~~~~~~~~
../src/helloworld.c:101:50: error: 'MATRIX_S00_AXI_SLV_REG43_OFFSET' undeclared (first use in this function)
  MATRIX_mWriteReg(XPAR_MATRIX_0_S00_AXI_BASEADDR,MATRIX_S00_AXI_SLV_REG43_OFFSET,ledOUTPUT[5][3]);
                                                  ^~~~~~~~~~~~~~~~~~~~~~~~~~~~~~~
../src/helloworld.c:102:50: error: 'MATRIX_S00_AXI_SLV_REG44_OFFSET' undeclared (first use in this function)
  MATRIX_mWriteReg(XPAR_MATRIX_0_S00_AXI_BASEADDR,MATRIX_S00_AXI_SLV_REG44_OFFSET,ledOUTPUT[5][4]);
                                                  ^~~~~~~~~~~~~~~~~~~~~~~~~~~~~~~
../src/helloworld.c:103:50: error: 'MATRIX_S00_AXI_SLV_REG45_OFFSET' undeclared (first use in this function)
  MATRIX_mWriteReg(XPAR_MATRIX_0_S00_AXI_BASEADDR,MATRIX_S00_AXI_SLV_REG45_OFFSET,ledOUTPUT[5][5]);
                                                  ^~~~~~~~~~~~~~~~~~~~~~~~~~~~~~~
../src/helloworld.c:104:50: error: 'MATRIX_S00_AXI_SLV_REG46_OFFSET' undeclared (first use in this function)
  MATRIX_mWriteReg(XPAR_MATRIX_0_S00_AXI_BASEADDR,MATRIX_S00_AXI_SLV_REG46_OFFSET,ledOUTPUT[5][6]);
                                                  ^~~~~~~~~~~~~~~~~~~~~~~~~~~~~~~
../src/helloworld.c:105:50: error: 'MATRIX_S00_AXI_SLV_REG47_OFFSET' undeclared (first use in this function)
  MATRIX_mWriteReg(XPAR_MATRIX_0_S00_AXI_BASEADDR,MATRIX_S00_AXI_SLV_REG47_OFFSET,ledOUTPUT[5][7]);
                                                  ^~~~~~~~~~~~~~~~~~~~~~~~~~~~~~~
../src/helloworld.c:106:50: error: 'MATRIX_S00_AXI_SLV_REG48_OFFSET' undeclared (first use in this function)
  MATRIX_mWriteReg(XPAR_MATRIX_0_S00_AXI_BASEADDR,MATRIX_S00_AXI_SLV_REG48_OFFSET,ledOUTPUT[6][0]);
                                                  ^~~~~~~~~~~~~~~~~~~~~~~~~~~~~~~
../src/helloworld.c:107:50: error: 'MATRIX_S00_AXI_SLV_REG49_OFFSET' undeclared (first use in this function)
  MATRIX_mWriteReg(XPAR_MATRIX_0_S00_AXI_BASEADDR,MATRIX_S00_AXI_SLV_REG49_OFFSET,ledOUTPUT[6][1]);
                                                  ^~~~~~~~~~~~~~~~~~~~~~~~~~~~~~~
../src/helloworld.c:108:50: error: 'MATRIX_S00_AXI_SLV_REG50_OFFSET' undeclared (first use in this function)
  MATRIX_mWriteReg(XPAR_MATRIX_0_S00_AXI_BASEADDR,MATRIX_S00_AXI_SLV_REG50_OFFSET,ledOUTPUT[6][2]);
                                                  ^~~~~~~~~~~~~~~~~~~~~~~~~~~~~~~
../src/helloworld.c:109:50: error: 'MATRIX_S00_AXI_SLV_REG51_OFFSET' undeclared (first use in this function)
  MATRIX_mWriteReg(XPAR_MATRIX_0_S00_AXI_BASEADDR,MATRIX_S00_AXI_SLV_REG51_OFFSET,ledOUTPUT[6][3]);
                                                  ^~~~~~~~~~~~~~~~~~~~~~~~~~~~~~~
../src/helloworld.c:110:50: error: 'MATRIX_S00_AXI_SLV_REG52_OFFSET' undeclared (first use in this function)
  MATRIX_mWriteReg(XPAR_MATRIX_0_S00_AXI_BASEADDR,MATRIX_S00_AXI_SLV_REG52_OFFSET,ledOUTPUT[6][4]);
                                                  ^~~~~~~~~~~~~~~~~~~~~~~~~~~~~~~
../src/helloworld.c:111:50: error: 'MATRIX_S00_AXI_SLV_REG53_OFFSET' undeclared (first use in this function)
  MATRIX_mWriteReg(XPAR_MATRIX_0_S00_AXI_BASEADDR,MATRIX_S00_AXI_SLV_REG53_OFFSET,ledOUTPUT[6][5]);
                                                  ^~~~~~~~~~~~~~~~~~~~~~~~~~~~~~~
../src/helloworld.c:112:50: error: 'MATRIX_S00_AXI_SLV_REG54_OFFSET' undeclared (first use in this function)
  MATRIX_mWriteReg(XPAR_MATRIX_0_S00_AXI_BASEADDR,MATRIX_S00_AXI_SLV_REG54_OFFSET,ledOUTPUT[6][6]);
                                                  ^~~~~~~~~~~~~~~~~~~~~~~~~~~~~~~
../src/helloworld.c:113:50: error: 'MATRIX_S00_AXI_SLV_REG55_OFFSET' undeclared (first use in this function)
  MATRIX_mWriteReg(XPAR_MATRIX_0_S00_AXI_BASEADDR,MATRIX_S00_AXI_SLV_REG55_OFFSET,ledOUTPUT[6][7]);
                                                  ^~~~~~~~~~~~~~~~~~~~~~~~~~~~~~~
../src/helloworld.c:114:50: error: 'MATRIX_S00_AXI_SLV_REG56_OFFSET' undeclared (first use in this function)
  MATRIX_mWriteReg(XPAR_MATRIX_0_S00_AXI_BASEADDR,MATRIX_S00_AXI_SLV_REG56_OFFSET,ledOUTPUT[7][0]);
                                                  ^~~~~~~~~~~~~~~~~~~~~~~~~~~~~~~
../src/helloworld.c:115:50: error: 'MATRIX_S00_AXI_SLV_REG57_OFFSET' undeclared (first use in this function)
  MATRIX_mWriteReg(XPAR_MATRIX_0_S00_AXI_BASEADDR,MATRIX_S00_AXI_SLV_REG57_OFFSET,ledOUTPUT[7][1]);
                                                  ^~~~~~~~~~~~~~~~~~~~~~~~~~~~~~~
../src/helloworld.c:116:50: error: 'MATRIX_S00_AXI_SLV_REG58_OFFSET' undeclared (first use in this function)
  MATRIX_mWriteReg(XPAR_MATRIX_0_S00_AXI_BASEADDR,MATRIX_S00_AXI_SLV_REG58_OFFSET,ledOUTPUT[7][2]);
                                                  ^~~~~~~~~~~~~~~~~~~~~~~~~~~~~~~
../src/helloworld.c:117:50: error: 'MATRIX_S00_AXI_SLV_REG59_OFFSET' undeclared (first use in this function)
  MATRIX_mWriteReg(XPAR_MATRIX_0_S00_AXI_BASEADDR,MATRIX_S00_AXI_SLV_REG59_OFFSET,ledOUTPUT[7][3]);
                                                  ^~~~~~~~~~~~~~~~~~~~~~~~~~~~~~~
../src/helloworld.c:118:50: error: 'MATRIX_S00_AXI_SLV_REG60_OFFSET' undeclared (first use in this function)
  MATRIX_mWriteReg(XPAR_MATRIX_0_S00_AXI_BASEADDR,MATRIX_S00_AXI_SLV_REG60_OFFSET,ledOUTPUT[7][4]);
                                                  ^~~~~~~~~~~~~~~~~~~~~~~~~~~~~~~
../src/helloworld.c:119:50: error: 'MATRIX_S00_AXI_SLV_REG61_OFFSET' undeclared (first use in this function)
  MATRIX_mWriteReg(XPAR_MATRIX_0_S00_AXI_BASEADDR,MATRIX_S00_AXI_SLV_REG61_OFFSET,ledOUTPUT[7][5]);
                                                  ^~~~~~~~~~~~~~~~~~~~~~~~~~~~~~~
../src/helloworld.c:120:50: error: 'MATRIX_S00_AXI_SLV_REG62_OFFSET' undeclared (first use in this function)
  MATRIX_mWriteReg(XPAR_MATRIX_0_S00_AXI_BASEADDR,MATRIX_S00_AXI_SLV_REG62_OFFSET,ledOUTPUT[7][6]);
                                                  ^~~~~~~~~~~~~~~~~~~~~~~~~~~~~~~
../src/helloworld.c:121:50: error: 'MATRIX_S00_AXI_SLV_REG63_OFFSET' undeclared (first use in this function)
  MATRIX_mWriteReg(XPAR_MATRIX_0_S00_AXI_BASEADDR,MATRIX_S00_AXI_SLV_REG63_OFFSET,ledOUTPUT[7][7]);
                                                  ^~~~~~~~~~~~~~~~~~~~~~~~~~~~~~~
../src/helloworld.c: In function 'pushLeds':
../src/helloworld.c:128:50: error: 'MATRIX_S00_AXI_SLV_REG64_OFFSET' undeclared (first use in this function)
  MATRIX_mWriteReg(XPAR_MATRIX_0_S00_AXI_BASEADDR,MATRIX_S00_AXI_SLV_REG64_OFFSET,0);
                                                  ^~~~~~~~~~~~~~~~~~~~~~~~~~~~~~~
make: *** [src/subdir.mk:26: src/helloworld.o] Error 1
11:33:23 **** Auto Build of configuration Debug for project ExampleC ****
make pre-build main-build 
a9-linaro-pre-build-step
' '
'Building file: ../src/helloworld.c'
'Invoking: ARM v7 gcc compiler'
arm-none-eabi-gcc -Wall -O0 -g3 -c -fmessage-length=0 -MT"src/helloworld.o" -mcpu=cortex-a9 -mfpu=vfpv3 -mfloat-abi=hard -I../../ExampleC_bsp/ps7_cortexa9_0/include -MMD -MP -MF"src/helloworld.d" -MT"src/helloworld.o" -o "src/helloworld.o" "../src/helloworld.c"
'Finished building: ../src/helloworld.c'
' '
'Building target: ExampleC.elf'
'Invoking: ARM v7 gcc linker'
arm-none-eabi-gcc -mcpu=cortex-a9 -mfpu=vfpv3 -mfloat-abi=hard -Wl,-build-id=none -specs=Xilinx.spec -Wl,-T -Wl,../src/lscript.ld -L../../ExampleC_bsp/ps7_cortexa9_0/lib -o "ExampleC.elf"  ./src/helloworld.o ./src/platform.o   -Wl,--start-group,-lxil,-lgcc,-lc,--end-group
'Finished building target: ExampleC.elf'
' '
'Invoking: ARM v7 Print Size'
arm-none-eabi-size ExampleC.elf  |tee "ExampleC.elf.size"
   text	   data	    bss	    dec	    hex	filename
  21448	   1144	  22824	  45416	   b168	ExampleC.elf
'Finished building: ExampleC.elf.size'
' '
11:34:48 **** Incremental Build of configuration Debug for project ExampleC ****
make pre-build main-build 
a9-linaro-pre-build-step
' '
'Building file: ../src/helloworld.c'
'Invoking: ARM v7 gcc compiler'
arm-none-eabi-gcc -Wall -O0 -g3 -c -fmessage-length=0 -MT"src/helloworld.o" -mcpu=cortex-a9 -mfpu=vfpv3 -mfloat-abi=hard -I../../ExampleC_bsp/ps7_cortexa9_0/include -MMD -MP -MF"src/helloworld.d" -MT"src/helloworld.o" -o "src/helloworld.o" "../src/helloworld.c"
'Finished building: ../src/helloworld.c'
' '
'Building target: ExampleC.elf'
'Invoking: ARM v7 gcc linker'
arm-none-eabi-gcc -mcpu=cortex-a9 -mfpu=vfpv3 -mfloat-abi=hard -Wl,-build-id=none -specs=Xilinx.spec -Wl,-T -Wl,../src/lscript.ld -L../../ExampleC_bsp/ps7_cortexa9_0/lib -o "ExampleC.elf"  ./src/helloworld.o ./src/platform.o   -Wl,--start-group,-lxil,-lgcc,-lc,--end-group
'Finished building target: ExampleC.elf'
' '
'Invoking: ARM v7 Print Size'
arm-none-eabi-size ExampleC.elf  |tee "ExampleC.elf.size"
   text	   data	    bss	    dec	    hex	filename
  21496	   1144	  22824	  45464	   b198	ExampleC.elf
'Finished building: ExampleC.elf.size'
' '
11:35:37 **** Auto Build of configuration Debug for project ExampleC ****
make pre-build main-build 
a9-linaro-pre-build-step
' '
'Building file: ../src/helloworld.c'
'Invoking: ARM v7 gcc compiler'
arm-none-eabi-gcc -Wall -O0 -g3 -c -fmessage-length=0 -MT"src/helloworld.o" -mcpu=cortex-a9 -mfpu=vfpv3 -mfloat-abi=hard -I../../ExampleC_bsp/ps7_cortexa9_0/include -MMD -MP -MF"src/helloworld.d" -MT"src/helloworld.o" -o "src/helloworld.o" "../src/helloworld.c"
'Finished building: ../src/helloworld.c'
' '
'Building target: ExampleC.elf'
'Invoking: ARM v7 gcc linker'
arm-none-eabi-gcc -mcpu=cortex-a9 -mfpu=vfpv3 -mfloat-abi=hard -Wl,-build-id=none -specs=Xilinx.spec -Wl,-T -Wl,../src/lscript.ld -L../../ExampleC_bsp/ps7_cortexa9_0/lib -o "ExampleC.elf"  ./src/helloworld.o ./src/platform.o   -Wl,--start-group,-lxil,-lgcc,-lc,--end-group
'Finished building target: ExampleC.elf'
' '
'Invoking: ARM v7 Print Size'
arm-none-eabi-size ExampleC.elf  |tee "ExampleC.elf.size"
   text	   data	    bss	    dec	    hex	filename
  21496	   1144	  22824	  45464	   b198	ExampleC.elf
'Finished building: ExampleC.elf.size'
' '
11:35:44 **** Auto Build of configuration Debug for project ExampleC ****
make pre-build main-build 
a9-linaro-pre-build-step
' '
'Building file: ../src/helloworld.c'
'Invoking: ARM v7 gcc compiler'
arm-none-eabi-gcc -Wall -O0 -g3 -c -fmessage-length=0 -MT"src/helloworld.o" -mcpu=cortex-a9 -mfpu=vfpv3 -mfloat-abi=hard -I../../ExampleC_bsp/ps7_cortexa9_0/include -MMD -MP -MF"src/helloworld.d" -MT"src/helloworld.o" -o "src/helloworld.o" "../src/helloworld.c"
'Finished building: ../src/helloworld.c'
' '
'Building target: ExampleC.elf'
'Invoking: ARM v7 gcc linker'
arm-none-eabi-gcc -mcpu=cortex-a9 -mfpu=vfpv3 -mfloat-abi=hard -Wl,-build-id=none -specs=Xilinx.spec -Wl,-T -Wl,../src/lscript.ld -L../../ExampleC_bsp/ps7_cortexa9_0/lib -o "ExampleC.elf"  ./src/helloworld.o ./src/platform.o   -Wl,--start-group,-lxil,-lgcc,-lc,--end-group
'Finished building target: ExampleC.elf'
' '
'Invoking: ARM v7 Print Size'
arm-none-eabi-size ExampleC.elf  |tee "ExampleC.elf.size"
   text	   data	    bss	    dec	    hex	filename
  21496	   1144	  22824	  45464	   b198	ExampleC.elf
'Finished building: ExampleC.elf.size'
' '
11:35:48 **** Incremental Build of configuration Debug for project ExampleC ****
make pre-build main-build 
a9-linaro-pre-build-step
' '
make: Nothing to be done for 'main-build'.
11:36:43 **** Auto Build of configuration Debug for project ExampleC ****
make pre-build main-build 
a9-linaro-pre-build-step
' '
'Building file: ../src/helloworld.c'
'Invoking: ARM v7 gcc compiler'
arm-none-eabi-gcc -Wall -O0 -g3 -c -fmessage-length=0 -MT"src/helloworld.o" -mcpu=cortex-a9 -mfpu=vfpv3 -mfloat-abi=hard -I../../ExampleC_bsp/ps7_cortexa9_0/include -MMD -MP -MF"src/helloworld.d" -MT"src/helloworld.o" -o "src/helloworld.o" "../src/helloworld.c"
'Finished building: ../src/helloworld.c'
' '
'Building target: ExampleC.elf'
'Invoking: ARM v7 gcc linker'
arm-none-eabi-gcc -mcpu=cortex-a9 -mfpu=vfpv3 -mfloat-abi=hard -Wl,-build-id=none -specs=Xilinx.spec -Wl,-T -Wl,../src/lscript.ld -L../../ExampleC_bsp/ps7_cortexa9_0/lib -o "ExampleC.elf"  ./src/helloworld.o ./src/platform.o   -Wl,--start-group,-lxil,-lgcc,-lc,--end-group
'Finished building target: ExampleC.elf'
' '
'Invoking: ARM v7 Print Size'
arm-none-eabi-size ExampleC.elf  |tee "ExampleC.elf.size"
   text	   data	    bss	    dec	    hex	filename
  21508	   1144	  22824	  45476	   b1a4	ExampleC.elf
'Finished building: ExampleC.elf.size'
' '
11:37:21 **** Incremental Build of configuration Debug for project ExampleC ****
make pre-build main-build 
a9-linaro-pre-build-step
' '
make: Nothing to be done for 'main-build'.
11:37:54 **** Auto Build of configuration Debug for project ExampleC ****
make pre-build main-build 
a9-linaro-pre-build-step
' '
'Building file: ../src/helloworld.c'
'Invoking: ARM v7 gcc compiler'
arm-none-eabi-gcc -Wall -O0 -g3 -c -fmessage-length=0 -MT"src/helloworld.o" -mcpu=cortex-a9 -mfpu=vfpv3 -mfloat-abi=hard -I../../ExampleC_bsp/ps7_cortexa9_0/include -MMD -MP -MF"src/helloworld.d" -MT"src/helloworld.o" -o "src/helloworld.o" "../src/helloworld.c"
'Finished building: ../src/helloworld.c'
' '
'Building target: ExampleC.elf'
'Invoking: ARM v7 gcc linker'
arm-none-eabi-gcc -mcpu=cortex-a9 -mfpu=vfpv3 -mfloat-abi=hard -Wl,-build-id=none -specs=Xilinx.spec -Wl,-T -Wl,../src/lscript.ld -L../../ExampleC_bsp/ps7_cortexa9_0/lib -o "ExampleC.elf"  ./src/helloworld.o ./src/platform.o   -Wl,--start-group,-lxil,-lgcc,-lc,--end-group
'Finished building target: ExampleC.elf'
' '
'Invoking: ARM v7 Print Size'
arm-none-eabi-size ExampleC.elf  |tee "ExampleC.elf.size"
   text	   data	    bss	    dec	    hex	filename
  21508	   1144	  22824	  45476	   b1a4	ExampleC.elf
'Finished building: ExampleC.elf.size'
' '
11:38:04 **** Auto Build of configuration Debug for project ExampleC ****
make pre-build main-build 
a9-linaro-pre-build-step
' '
'Building file: ../src/helloworld.c'
'Invoking: ARM v7 gcc compiler'
arm-none-eabi-gcc -Wall -O0 -g3 -c -fmessage-length=0 -MT"src/helloworld.o" -mcpu=cortex-a9 -mfpu=vfpv3 -mfloat-abi=hard -I../../ExampleC_bsp/ps7_cortexa9_0/include -MMD -MP -MF"src/helloworld.d" -MT"src/helloworld.o" -o "src/helloworld.o" "../src/helloworld.c"
'Finished building: ../src/helloworld.c'
' '
'Building target: ExampleC.elf'
'Invoking: ARM v7 gcc linker'
arm-none-eabi-gcc -mcpu=cortex-a9 -mfpu=vfpv3 -mfloat-abi=hard -Wl,-build-id=none -specs=Xilinx.spec -Wl,-T -Wl,../src/lscript.ld -L../../ExampleC_bsp/ps7_cortexa9_0/lib -o "ExampleC.elf"  ./src/helloworld.o ./src/platform.o   -Wl,--start-group,-lxil,-lgcc,-lc,--end-group
'Finished building target: ExampleC.elf'
' '
'Invoking: ARM v7 Print Size'
arm-none-eabi-size ExampleC.elf  |tee "ExampleC.elf.size"
   text	   data	    bss	    dec	    hex	filename
  21508	   1144	  22824	  45476	   b1a4	ExampleC.elf
'Finished building: ExampleC.elf.size'
' '
